Added Member To Class: ClassName=Sheet1 Member=Component BAT1 XH2.54Ö±²å×ù-2P
Added Member To Class: ClassName=Sheet1 Member=Component BUZZER1 TMB12A05_C96093
Added Member To Class: ClassName=Sheet1 Member=Component C1 10uF
Added Member To Class: ClassName=Sheet1 Member=Component C2 100nF
Added Member To Class: ClassName=Sheet1 Member=Component C3 10uF
Added Member To Class: ClassName=Sheet1 Member=Component C4 CAP_0603
Added Member To Class: ClassName=Sheet1 Member=Component C5 CAP_0603
Added Member To Class: ClassName=Sheet1 Member=Component C6 CAP_0603
Added Member To Class: ClassName=Sheet1 Member=Component C7 CAP_0603
Added Member To Class: ClassName=Sheet1 Member=Component C8 CAP_0603
Added Member To Class: ClassName=Sheet1 Member=Component C9 CAP_0805
Added Member To Class: ClassName=Sheet1 Member=Component C10 CAP_0603
Added Member To Class: ClassName=Sheet1 Member=Component C11 CAP_0603
Added Member To Class: ClassName=Sheet1 Member=Component C12 CAP_0603
Added Member To Class: ClassName=Sheet1 Member=Component C13 CAP_0603
Added Member To Class: ClassName=Sheet1 Member=Component C14 CAP_0603
Added Member To Class: ClassName=Sheet1 Member=Component C15 CAP_0603
Added Member To Class: ClassName=Sheet1 Member=Component C16 CAP_0603
Added Member To Class: ClassName=Sheet1 Member=Component C17 CAP_0603
Added Member To Class: ClassName=Sheet1 Member=Component C18 CAP_0603
Added Member To Class: ClassName=Sheet1 Member=Component C19 CAP_0603
Added Member To Class: ClassName=Sheet1 Member=Component C20 CAP_0805
Added Member To Class: ClassName=Sheet1 Member=Component C21 CAP_0805
Added Member To Class: ClassName=Sheet1 Member=Component C22 CAP_0805
Added Member To Class: ClassName=Sheet1 Member=Component C23 CAP_0805
Added Member To Class: ClassName=Sheet1 Member=Component C24 KNH2220UF35V149EC0049
Added Member To Class: ClassName=Sheet1 Member=Component C25 CAP_0603
Added Member To Class: ClassName=Sheet1 Member=Component C26 CAP_0805
Added Member To Class: ClassName=Sheet1 Member=Component C27 104
Added Member To Class: ClassName=Sheet1 Member=Component C28 104
Added Member To Class: ClassName=Sheet1 Member=Component C29 104
Added Member To Class: ClassName=Sheet1 Member=Component C30 104
Added Member To Class: ClassName=Sheet1 Member=Component C31 104
Added Member To Class: ClassName=Sheet1 Member=Component C32 104
Added Member To Class: ClassName=Sheet1 Member=Component C33 104
Added Member To Class: ClassName=Sheet1 Member=Component C34 104
Added Member To Class: ClassName=Sheet1 Member=Component C35 104
Added Member To Class: ClassName=Sheet1 Member=Component C36 104
Added Member To Class: ClassName=Sheet1 Member=Component C37 104
Added Member To Class: ClassName=Sheet1 Member=Component C38 104
Added Member To Class: ClassName=Sheet1 Member=Component C39 104
Added Member To Class: ClassName=Sheet1 Member=Component C40 CAP_0603
Added Member To Class: ClassName=Sheet1 Member=Component C41 CAP_0603
Added Member To Class: ClassName=Sheet1 Member=Component C42 CAP_0805
Added Member To Class: ClassName=Sheet1 Member=Component C43 CAP_0805
Added Member To Class: ClassName=Sheet1 Member=Component C44 CAP_0603
Added Member To Class: ClassName=Sheet1 Member=Component C45 CAP_0805
Added Member To Class: ClassName=Sheet1 Member=Component C46 CAP_0603
Added Member To Class: ClassName=Sheet1 Member=Component C47 CAP_0603
Added Member To Class: ClassName=Sheet1 Member=Component C48 CAP_0603
Added Member To Class: ClassName=Sheet1 Member=Component C49 CAP_0402
Added Member To Class: ClassName=Sheet1 Member=Component C50 CAP_0402
Added Member To Class: ClassName=Sheet1 Member=Component C51 CAP_0402
Added Member To Class: ClassName=Sheet1 Member=Component C52 CAP_0402
Added Member To Class: ClassName=Sheet1 Member=Component C53 CAP_0603
Added Member To Class: ClassName=Sheet1 Member=Component C54 CAP_0603
Added Member To Class: ClassName=Sheet1 Member=Component C55 CAP_0603
Added Member To Class: ClassName=Sheet1 Member=Component C56 CAP_0603
Added Member To Class: ClassName=Sheet1 Member=Component C57 CAP_0603
Added Member To Class: ClassName=Sheet1 Member=Component C58 CAP_0402
Added Member To Class: ClassName=Sheet1 Member=Component C59 CAP_0402
Added Member To Class: ClassName=Sheet1 Member=Component C60 CAP_0402
Added Member To Class: ClassName=Sheet1 Member=Component C61 CAP_0603
Added Member To Class: ClassName=Sheet1 Member=Component C62 CAP_0402
Added Member To Class: ClassName=Sheet1 Member=Component C63 CAP_0402
Added Member To Class: ClassName=Sheet1 Member=Component C64 CAP_0402
Added Member To Class: ClassName=Sheet1 Member=Component C65 CAP_0603
Added Member To Class: ClassName=Sheet1 Member=Component C66 CAP_0603
Added Member To Class: ClassName=Sheet1 Member=Component C67 CAP_0603
Added Member To Class: ClassName=Sheet1 Member=Component C68 CAP_0603
Added Member To Class: ClassName=Sheet1 Member=Component C69 CAP_0603
Added Member To Class: ClassName=Sheet1 Member=Component C70 CAP_0603
Added Member To Class: ClassName=Sheet1 Member=Component C71 CAP_0603
Added Member To Class: ClassName=Sheet1 Member=Component C72 CAP_0603
Added Member To Class: ClassName=Sheet1 Member=Component C73 CAP_0603
Added Member To Class: ClassName=Sheet1 Member=Component C74 CAP_0402
Added Member To Class: ClassName=Sheet1 Member=Component C75 CAP_0402
Added Member To Class: ClassName=Sheet1 Member=Component C76 CAP_0603
Added Member To Class: ClassName=Sheet1 Member=Component C77 CAP_0603
Added Member To Class: ClassName=Sheet1 Member=Component C78 CAP_0603
Added Member To Class: ClassName=Sheet1 Member=Component C79 CAP_0603
Added Member To Class: ClassName=Sheet1 Member=Component C80 CAP_0402
Added Member To Class: ClassName=Sheet1 Member=Component C81 CAP_0402
Added Member To Class: ClassName=Sheet1 Member=Component C82 CAP_0402
Added Member To Class: ClassName=Sheet1 Member=Component C83 CAP_0402
Added Member To Class: ClassName=Sheet1 Member=Component C84 CAP_0402
Added Member To Class: ClassName=Sheet1 Member=Component CE1 3.3uF/16V
Added Member To Class: ClassName=Sheet1 Member=Component CE2 22uF/16V
Added Member To Class: ClassName=Sheet1 Member=Component CE3 22uF/16V
Added Member To Class: ClassName=Sheet1 Member=Component CE4 22uF/16V
Added Member To Class: ClassName=Sheet1 Member=Component CE5 22uF/16V
Added Member To Class: ClassName=Sheet1 Member=Component D1 SS24_C7420362
Added Member To Class: ClassName=Sheet1 Member=Component D2 SS24_C7420362
Added Member To Class: ClassName=Sheet1 Member=Component D3 FR107_C963379
Added Member To Class: ClassName=Sheet1 Member=Component D4 BAT54S,215
Added Member To Class: ClassName=Sheet1 Member=Component D5 BAT54S,215
Added Member To Class: ClassName=Sheet1 Member=Component H1 
Added Member To Class: ClassName=Sheet1 Member=Component H2 
Added Member To Class: ClassName=Sheet1 Member=Component H3 HDR-M_2.54_1x2P
Added Member To Class: ClassName=Sheet1 Member=Component H4 
Added Member To Class: ClassName=Sheet1 Member=Component L1 L_0603
Added Member To Class: ClassName=Sheet1 Member=Component L2 BLM15AG102SN1D
Added Member To Class: ClassName=Sheet1 Member=Component L3 FXL0630-100-M
Added Member To Class: ClassName=Sheet1 Member=Component L4 L_0603
Added Member To Class: ClassName=Sheet1 Member=Component L5 L_0603
Added Member To Class: ClassName=Sheet1 Member=Component L6 BLM15AG102SN1D
Added Member To Class: ClassName=Sheet1 Member=Component L7 BLM15AG102SN1D
Added Member To Class: ClassName=Sheet1 Member=Component L8 L_0603
Added Member To Class: ClassName=Sheet1 Member=Component L9 BLM15AG102SN1D
Added Member To Class: ClassName=Sheet1 Member=Component L10 L_0603
Added Member To Class: ClassName=Sheet1 Member=Component L11 BLM15AG102SN1D
Added Member To Class: ClassName=Sheet1 Member=Component LED1 LED_0603-R
Added Member To Class: ClassName=Sheet1 Member=Component LED2 LED_0603-R
Added Member To Class: ClassName=Sheet1 Member=Component LED3 LED_0603-R
Added Member To Class: ClassName=Sheet1 Member=Component LED4 LED_0603-R
Added Member To Class: ClassName=Sheet1 Member=Component LED5 LED_0603-R
Added Member To Class: ClassName=Sheet1 Member=Component LED6 LED_0603-R
Added Member To Class: ClassName=Sheet1 Member=Component P1 XH2.54Ö±²å×ù-2P
Added Member To Class: ClassName=Sheet1 Member=Component Q1 AO3401A_P
Added Member To Class: ClassName=Sheet1 Member=Component Q2 S8050_SOT_NPN
Added Member To Class: ClassName=Sheet1 Member=Component Q3 AO3401A_P
Added Member To Class: ClassName=Sheet1 Member=Component Q4 
Added Member To Class: ClassName=Sheet1 Member=Component Q5 AO3400A_C20917
Added Member To Class: ClassName=Sheet1 Member=Component Q6 S8050_SOT_NPN
Added Member To Class: ClassName=Sheet1 Member=Component Q7 S8050_SOT_NPN
Added Member To Class: ClassName=Sheet1 Member=Component R1 Res_0603
Added Member To Class: ClassName=Sheet1 Member=Component R2 Res_0603
Added Member To Class: ClassName=Sheet1 Member=Component R3 Res_0603
Added Member To Class: ClassName=Sheet1 Member=Component R4 Res_0603
Added Member To Class: ClassName=Sheet1 Member=Component R5 Res_0603
Added Member To Class: ClassName=Sheet1 Member=Component R6 Res_0603
Added Member To Class: ClassName=Sheet1 Member=Component R7 Res_0603
Added Member To Class: ClassName=Sheet1 Member=Component R8 Res_0603
Added Member To Class: ClassName=Sheet1 Member=Component R9 Res_0603
Added Member To Class: ClassName=Sheet1 Member=Component R10 Res_0603
Added Member To Class: ClassName=Sheet1 Member=Component R11 Res_0603
Added Member To Class: ClassName=Sheet1 Member=Component R12 Res_0603
Added Member To Class: ClassName=Sheet1 Member=Component R13 Res_0603
Added Member To Class: ClassName=Sheet1 Member=Component R14 Res_0805
Added Member To Class: ClassName=Sheet1 Member=Component R15 Res_0805
Added Member To Class: ClassName=Sheet1 Member=Component R16 Res_0603
Added Member To Class: ClassName=Sheet1 Member=Component R17 Res_0603
Added Member To Class: ClassName=Sheet1 Member=Component R18 Res_0805
Added Member To Class: ClassName=Sheet1 Member=Component R19 Res_0603
Added Member To Class: ClassName=Sheet1 Member=Component R20 Res_0603
Added Member To Class: ClassName=Sheet1 Member=Component R21 Res_0603
Added Member To Class: ClassName=Sheet1 Member=Component R22 Res_0603
Added Member To Class: ClassName=Sheet1 Member=Component R23 Res_0805
Added Member To Class: ClassName=Sheet1 Member=Component R24 Res_0603
Added Member To Class: ClassName=Sheet1 Member=Component R25 Res_0603
Added Member To Class: ClassName=Sheet1 Member=Component R26 Res_0603
Added Member To Class: ClassName=Sheet1 Member=Component R27 Res_0603
Added Member To Class: ClassName=Sheet1 Member=Component R28 Res_0603
Added Member To Class: ClassName=Sheet1 Member=Component R29 Res_0603
Added Member To Class: ClassName=Sheet1 Member=Component R30 Res_0603
Added Member To Class: ClassName=Sheet1 Member=Component R31 Res_0603
Added Member To Class: ClassName=Sheet1 Member=Component R32 Res_0603
Added Member To Class: ClassName=Sheet1 Member=Component R33 Res_0603
Added Member To Class: ClassName=Sheet1 Member=Component R34 Res_0603
Added Member To Class: ClassName=Sheet1 Member=Component R35 Res_0603
Added Member To Class: ClassName=Sheet1 Member=Component R36 Res_0603
Added Member To Class: ClassName=Sheet1 Member=Component R37 Res_0603
Added Member To Class: ClassName=Sheet1 Member=Component R38 Res_0603
Added Member To Class: ClassName=Sheet1 Member=Component R39 Res_0603
Added Member To Class: ClassName=Sheet1 Member=Component R40 Res_0603
Added Member To Class: ClassName=Sheet1 Member=Component R41 Res_0603
Added Member To Class: ClassName=Sheet1 Member=Component R42 Res_0603
Added Member To Class: ClassName=Sheet1 Member=Component R43 Res_0603
Added Member To Class: ClassName=Sheet1 Member=Component R44 Res_0603
Added Member To Class: ClassName=Sheet1 Member=Component R45 Res_0603
Added Member To Class: ClassName=Sheet1 Member=Component R46 Res_0603
Added Member To Class: ClassName=Sheet1 Member=Component R47 Res_0603
Added Member To Class: ClassName=Sheet1 Member=Component R48 Res_0603
Added Member To Class: ClassName=Sheet1 Member=Component R49 Res_0603
Added Member To Class: ClassName=Sheet1 Member=Component R50 Res_0603
Added Member To Class: ClassName=Sheet1 Member=Component R51 Res_0603
Added Member To Class: ClassName=Sheet1 Member=Component R52 Res_0603
Added Member To Class: ClassName=Sheet1 Member=Component R53 Res_0603
Added Member To Class: ClassName=Sheet1 Member=Component R54 Res_0603
Added Member To Class: ClassName=Sheet1 Member=Component R55 Res_0603
Added Member To Class: ClassName=Sheet1 Member=Component R56 Res_0603
Added Member To Class: ClassName=Sheet1 Member=Component R57 Res_0603
Added Member To Class: ClassName=Sheet1 Member=Component R58 Res_0603
Added Member To Class: ClassName=Sheet1 Member=Component R59 Res_0603
Added Member To Class: ClassName=Sheet1 Member=Component R60 Res_0603
Added Member To Class: ClassName=Sheet1 Member=Component R61 Res_0603
Added Member To Class: ClassName=Sheet1 Member=Component R62 Res_0603
Added Member To Class: ClassName=Sheet1 Member=Component R63 Res_0603
Added Member To Class: ClassName=Sheet1 Member=Component R64 Res_0603
Added Member To Class: ClassName=Sheet1 Member=Component R65 Res_0603
Added Member To Class: ClassName=Sheet1 Member=Component R66 Res_0603
Added Member To Class: ClassName=Sheet1 Member=Component R67 Res_0603
Added Member To Class: ClassName=Sheet1 Member=Component R68 Res_0603
Added Member To Class: ClassName=Sheet1 Member=Component R69 Res_0603
Added Member To Class: ClassName=Sheet1 Member=Component R70 Res_0603
Added Member To Class: ClassName=Sheet1 Member=Component R71 Res_0603
Added Member To Class: ClassName=Sheet1 Member=Component R72 Res_0603
Added Member To Class: ClassName=Sheet1 Member=Component R73 Res_0603
Added Member To Class: ClassName=Sheet1 Member=Component R74 Res_0603
Added Member To Class: ClassName=Sheet1 Member=Component R75 Res_0603
Added Member To Class: ClassName=Sheet1 Member=Component R76 Res_0603
Added Member To Class: ClassName=Sheet1 Member=Component R77 Res_0603
Added Member To Class: ClassName=Sheet1 Member=Component R78 Res_0603
Added Member To Class: ClassName=Sheet1 Member=Component R79 Res_0603
Added Member To Class: ClassName=Sheet1 Member=Component R80 Res_0603
Added Member To Class: ClassName=Sheet1 Member=Component R81 Res_0603
Added Member To Class: ClassName=Sheet1 Member=Component R82 Res_0603
Added Member To Class: ClassName=Sheet1 Member=Component R83 Res_0603
Added Member To Class: ClassName=Sheet1 Member=Component R84 Res_0603
Added Member To Class: ClassName=Sheet1 Member=Component R85 Res_0603
Added Member To Class: ClassName=Sheet1 Member=Component R86 Res_0603
Added Member To Class: ClassName=Sheet1 Member=Component R87 Res_0603
Added Member To Class: ClassName=Sheet1 Member=Component R88 Res_0603
Added Member To Class: ClassName=Sheet1 Member=Component R89 Res_0603
Added Member To Class: ClassName=Sheet1 Member=Component R90 Res_0603
Added Member To Class: ClassName=Sheet1 Member=Component R91 Res_0603
Added Member To Class: ClassName=Sheet1 Member=Component R92 Res_0603
Added Member To Class: ClassName=Sheet1 Member=Component R93 Res_0603
Added Member To Class: ClassName=Sheet1 Member=Component R94 Res_0603
Added Member To Class: ClassName=Sheet1 Member=Component R95 Res_0603
Added Member To Class: ClassName=Sheet1 Member=Component R96 Res_0603
Added Member To Class: ClassName=Sheet1 Member=Component R97 Res_0603
Added Member To Class: ClassName=Sheet1 Member=Component R98 Res_0603
Added Member To Class: ClassName=Sheet1 Member=Component R99 Res_0603
Added Member To Class: ClassName=Sheet1 Member=Component R100 Res_0603
Added Member To Class: ClassName=Sheet1 Member=Component R101 Res_0603
Added Member To Class: ClassName=Sheet1 Member=Component R102 Res_0603
Added Member To Class: ClassName=Sheet1 Member=Component SW1 
Added Member To Class: ClassName=Sheet1 Member=Component SW2 
Added Member To Class: ClassName=Sheet1 Member=Component SW3 
Added Member To Class: ClassName=Sheet1 Member=Component SW4 
Added Member To Class: ClassName=Sheet1 Member=Component SW5 
Added Member To Class: ClassName=Sheet1 Member=Component SW6 XKB7070-Z
Added Member To Class: ClassName=Sheet1 Member=Component U1 RS8752XM
Added Member To Class: ClassName=Sheet1 Member=Component U2 74HC4052M/TR
Added Member To Class: ClassName=Sheet1 Member=Component U3 AD9833BRMZ-REEL7_C9652
Added Member To Class: ClassName=Sheet1 Member=Component U4 STC32G12K128-35I-LQFP48
Added Member To Class: ClassName=Sheet1 Member=Component U5 CH340N
Added Member To Class: ClassName=Sheet1 Member=Component U6 TP4056-42-ESOP8
Added Member To Class: ClassName=Sheet1 Member=Component U7 RT9193-28G
Added Member To Class: ClassName=Sheet1 Member=Component U8 SGM3204
Added Member To Class: ClassName=Sheet1 Member=Component U9 RS8554XQ
Added Member To Class: ClassName=Sheet1 Member=Component U10 SX1308
Added Member To Class: ClassName=Sheet1 Member=Component U11 RS8554XP
Added Member To Class: ClassName=Sheet1 Member=Component U12 CD4053BDTR(XBLW)
Added Member To Class: ClassName=Sheet1 Member=Component U13 GAQY211G2S
Added Member To Class: ClassName=Sheet1 Member=Component U14 74HC4052M/TR
Added Member To Class: ClassName=Sheet1 Member=Component U15 hfd31/5
Added Member To Class: ClassName=Sheet1 Member=Component U16 74HC4052M/TR
Added Member To Class: ClassName=Sheet1 Member=Component U17 RS8752XM
Added Member To Class: ClassName=Sheet1 Member=Component U18 RS8554XP
Added Member To Class: ClassName=Sheet1 Member=Component U19 74HC4052M/TR
Added Member To Class: ClassName=Sheet1 Member=Component U20 74HC4052M/TR
Added Member To Class: ClassName=Sheet1 Member=Component USBC1 TYPE-C-31-M-12
Added Member To Class: ClassName=Sheet1 Member=Component X1 OT322525MJBA4SL
Added Member To Class: ClassName=Sheet1 Member=Component X2 X49SM8MSD2SC
